<html>
<body>
<pre>
<h1>µVision Build Log</h1>
<h2>Project:</h2>
S:\coe718\Media-Center-master (1) - working test\Media-Center-master\Blinky.uvproj
Project File Date:  11/22/2019

<h2>Output:</h2>
Rebuild target 'LPC1768 Flash'
assembling startup_LPC17xx.s...
compiling system_LPC17xx.c...
compiling core_cm3.c...
compiling Blinky.c...
KBD.h(29): warning:  #1-D: last line of file ends without a newline
  #endif 
Blinky.c(25): warning:  #1295-D: Deprecated declaration main_menu - give arg types
  void main_menu();
Blinky.c(161): warning:  #1-D: last line of file ends without a newline
        }
Blinky.c: 3 warnings, 0 errors
compiling IRQ.c...
compiling GLCD_SPI_LPC1700.c...
compiling LED.c...
compiling usbcore.c...
compiling usbdesc.c...
compiling usbdmain.c...
kbd.h(29): warning:  #1-D: last line of file ends without a newline
  #endif 
usbdmain.c: 1 warning, 0 errors
compiling usbhw.c...
compiling usbuser.c...
compiling adcuser.c...
compiling KBD.c...
KBD.h(29): warning:  #1-D: last line of file ends without a newline
  #endif 
KBD.c: 1 warning, 0 errors
compiling gallery.c...
KBD.h(29): warning:  #1-D: last line of file ends without a newline
  #endif 
gallery.c(74): warning:  #1-D: last line of file ends without a newline
  }
gallery.c: 2 warnings, 0 errors
compiling ttt.c...
KBD.h(29): warning:  #1-D: last line of file ends without a newline
  #endif 
ttt.c(189): warning:  #177-D: variable "i" was declared but never referenced
        int cursor1 = 0, i = 0;
ttt.c(624): warning:  #111-D: statement is unreachable
        return 0;
ttt.c(625): warning:  #1-D: last line of file ends without a newline
  }
ttt.c: 4 warnings, 0 errors
compiling ttt_multi.c...
KBD.h(29): warning:  #1-D: last line of file ends without a newline
  #endif 
ttt_multi.c(184): warning:  #177-D: variable "i" was declared but never referenced
        int cursor1 = 0, i = 0;
ttt_multi.c(778): warning:  #111-D: statement is unreachable
        return 0;
ttt_multi.c(779): warning:  #1-D: last line of file ends without a newline
  }
ttt_multi.c: 4 warnings, 0 errors
compiling minigame.c...
KBD.h(29): warning:  #1-D: last line of file ends without a newline
  #endif 
minigame.c(18): warning:  #1295-D: Deprecated declaration main_menu - give arg types
  extern void main_menu();
minigame.c(230): warning:  #111-D: statement is unreachable
        return 0;
minigame.c(231): warning:  #1-D: last line of file ends without a newline
  }
minigame.c(32): warning:  #177-D: variable "btn_press" was declared but never referenced
        int btn_press = 0;      
minigame.c: 5 warnings, 0 errors
compiling music_waves.c...
compiling csharp.c...
csharp.c(7): warning:  #177-D: variable "GIMP_IMAGE_pixel_data" was declared but never referenced
  static const unsigned char GIMP_IMAGE_pixel_data[200 * 200 * 2 + 1] =
csharp.c: 1 warning, 0 errors
compiling java.c...
java.c(7): warning:  #177-D: variable "JAVA_pixel_data" was declared but never referenced
  static const unsigned char JAVA_pixel_data[200 * 200 * 2 + 1] =
java.c: 1 warning, 0 errors
compiling python.c...
python.c(7): warning:  #177-D: variable "PYTHON_pixel_data" was declared but never referenced
  static const unsigned char PYTHON_pixel_data[200 * 200 * 2 + 1] =
python.c: 1 warning, 0 errors
compiling php.c...
php.c(7): warning:  #177-D: variable "PHP_pixel_data" was declared but never referenced
  static const unsigned char PHP_pixel_data[200 * 200 * 2 + 1] =
php.c: 1 warning, 0 errors
compiling note.c...
note.c(7): warning:  #177-D: variable "GIMP_IMAGE_pixel_data" was declared but never referenced
  static const unsigned char GIMP_IMAGE_pixel_data[320 * 222 * 2 + 1] =
note.c: 1 warning, 0 errors
linking...
Program Size: Code=23606 RO-data=468938 RW-data=136 ZI-data=1392  
".\Flash\Blinky.axf" - 0 Error(s), 25 Warning(s).
Load "S:\\coe718\\Media-Center-master (1) - working test\\Media-Center-master\\Flash\\Blinky.axf" 
Erase Done.
Programming Done.
Verify OK.
iled  -  Target DLL has been cancelled
Load "S:\\coe718\\Media-Center-master (1) - working test\\Media-Center-master\\Flash\\Blinky.axf" 
Erase Done.
Programming Done.
Verify OK.
